time result
cmd:date
real 0.00s
user 0.00s 
sys  0.00s 
memory:712KB 
cpu 50%
